[33mΓ¥»[39m Building...
[32mΓ£ö[39m Building...
[1mInitial chunk files[22m[2m | [22m[1mNames[22m        [2m | [22m [1mRaw size[22m[2m | [22m[1mEstimated transfer size[22m
[32mmain-5MEUUNVL.js[39m   [2m | [22m[2mmain[22m         [2m | [22m[36m247.06 kB[39m[2m | [22m               [36m65.74 kB[39m
[32mstyles-JMC2R7E3.css[39m[2m | [22m[2mstyles[22m       [2m | [22m [36m15.13 kB[39m[2m | [22m                [36m3.22 kB[39m

[1m [22m                  [2m | [22m[1mInitial total[22m[2m | [22m[1m262.19 kB[22m[2m | [22m               [1m68.96 kB[22m

Application bundle generation complete. [3.256 seconds] - 2026-06-04T18:22:25.228Z

Output location: D:\Vansantachart\Tasks_Management\tasks_management\dist\tasks_management

